<html>
<head>
  <title>Crazy cat test</title>
</head>
<body>

  <div class="cat-rap">
    <img src="../assets/cat1.3a5521.jpg">
    <img src="../assets/cat2.5cedc3.jpg">
    <img src="../assets/cat3.b998a9.jpg">
  </div>

</body>
</html>